// Jest Snapshot v1, https://goo.gl/fbAQLP

exports[`Login matches the snapshot 1`] = `
ShallowWrapper {
  "length": 1,
  Symbol(enzyme.__root__): [Circular],
  Symbol(enzyme.__unrendered__): <Login
    updateCurrentUser={[Function]}
    updateFavorites={[Function]}
    updateMovies={[Function]}
/>,
  Symbol(enzyme.__renderer__): Object {
    "batchedUpdates": [Function],
    "getNode": [Function],
    "render": [Function],
    "simulateEvent": [Function],
    "unmount": [Function],
  },
  Symbol(enzyme.__node__): Object {
    "instance": null,
    "key": undefined,
    "nodeType": "host",
    "props": Object {
      "children": Array [
        <input
          name="email"
          onChange={[Function]}
          placeholder="Email"
          required={true}
          type="text"
          value=""
/>,
        <input
          name="password"
          onChange={[Function]}
          placeholder="Password"
          required={true}
          type="password"
          value=""
/>,
        <p />,
        <button>
          Log In
</button>,
      ],
      "onSubmit": [Function],
      "type": "submit",
    },
    "ref": null,
    "rendered": Array [
      Object {
        "instance": null,
        "key": undefined,
        "nodeType": "host",
        "props": Object {
          "name": "email",
          "onChange": [Function],
          "placeholder": "Email",
          "required": true,
          "type": "text",
          "value": "",
        },
        "ref": null,
        "rendered": null,
        "type": "input",
      },
      Object {
        "instance": null,
        "key": undefined,
        "nodeType": "host",
        "props": Object {
          "name": "password",
          "onChange": [Function],
          "placeholder": "Password",
          "required": true,
          "type": "password",
          "value": "",
        },
        "ref": null,
        "rendered": null,
        "type": "input",
      },
      Object {
        "instance": null,
        "key": undefined,
        "nodeType": "host",
        "props": Object {
          "children": "",
        },
        "ref": null,
        "rendered": "",
        "type": "p",
      },
      Object {
        "instance": null,
        "key": undefined,
        "nodeType": "host",
        "props": Object {
          "children": "Log In",
        },
        "ref": null,
        "rendered": "Log In",
        "type": "button",
      },
    ],
    "type": "form",
  },
  Symbol(enzyme.__nodes__): Array [
    Object {
      "instance": null,
      "key": undefined,
      "nodeType": "host",
      "props": Object {
        "children": Array [
          <input
            name="email"
            onChange={[Function]}
            placeholder="Email"
            required={true}
            type="text"
            value=""
/>,
          <input
            name="password"
            onChange={[Function]}
            placeholder="Password"
            required={true}
            type="password"
            value=""
/>,
          <p />,
          <button>
            Log In
</button>,
        ],
        "onSubmit": [Function],
        "type": "submit",
      },
      "ref": null,
      "rendered": Array [
        Object {
          "instance": null,
          "key": undefined,
          "nodeType": "host",
          "props": Object {
            "name": "email",
            "onChange": [Function],
            "placeholder": "Email",
            "required": true,
            "type": "text",
            "value": "",
          },
          "ref": null,
          "rendered": null,
          "type": "input",
        },
        Object {
          "instance": null,
          "key": undefined,
          "nodeType": "host",
          "props": Object {
            "name": "password",
            "onChange": [Function],
            "placeholder": "Password",
            "required": true,
            "type": "password",
            "value": "",
          },
          "ref": null,
          "rendered": null,
          "type": "input",
        },
        Object {
          "instance": null,
          "key": undefined,
          "nodeType": "host",
          "props": Object {
            "children": "",
          },
          "ref": null,
          "rendered": "",
          "type": "p",
        },
        Object {
          "instance": null,
          "key": undefined,
          "nodeType": "host",
          "props": Object {
            "children": "Log In",
          },
          "ref": null,
          "rendered": "Log In",
          "type": "button",
        },
      ],
      "type": "form",
    },
  ],
  Symbol(enzyme.__options__): Object {
    "adapter": ReactSixteenAdapter {
      "options": Object {
        "enableComponentDidUpdateOnSetState": true,
      },
    },
  },
}
`;
