// Jest Snapshot v1, https://goo.gl/fbAQLP

exports[`SignUp matches the snapshot 1`] = `
ShallowWrapper {
  "length": 1,
  Symbol(enzyme.__root__): [Circular],
  Symbol(enzyme.__unrendered__): <SignUp
    updateCurrentUser={[Function]}
/>,
  Symbol(enzyme.__renderer__): Object {
    "batchedUpdates": [Function],
    "getNode": [Function],
    "render": [Function],
    "simulateEvent": [Function],
    "unmount": [Function],
  },
  Symbol(enzyme.__node__): Object {
    "instance": null,
    "key": undefined,
    "nodeType": "host",
    "props": Object {
      "children": <form
        onSubmit={[Function]}
>
        <input
                name="name"
                onChange={[Function]}
                placeholder="Name*"
                required={true}
                type="text"
                value=""
        />
        <input
                name="email"
                onChange={[Function]}
                placeholder="Email*"
                required={true}
                type="text"
                value=""
        />
        <p />
        <input
                name="password"
                onChange={[Function]}
                placeholder="Password*"
                required={true}
                type="password"
                value=""
        />
        <input
                name="verification"
                onChange={[Function]}
                placeholder="Retype password*"
                required={true}
                type="password"
                value=""
        />
        <p />
        <button>
                Sign Up
        </button>
</form>,
      "className": "signup",
    },
    "ref": null,
    "rendered": Object {
      "instance": null,
      "key": undefined,
      "nodeType": "host",
      "props": Object {
        "children": Array [
          <input
            name="name"
            onChange={[Function]}
            placeholder="Name*"
            required={true}
            type="text"
            value=""
/>,
          <input
            name="email"
            onChange={[Function]}
            placeholder="Email*"
            required={true}
            type="text"
            value=""
/>,
          <p />,
          <input
            name="password"
            onChange={[Function]}
            placeholder="Password*"
            required={true}
            type="password"
            value=""
/>,
          <input
            name="verification"
            onChange={[Function]}
            placeholder="Retype password*"
            required={true}
            type="password"
            value=""
/>,
          <p />,
          <button>
            Sign Up
</button>,
        ],
        "onSubmit": [Function],
      },
      "ref": null,
      "rendered": Array [
        Object {
          "instance": null,
          "key": undefined,
          "nodeType": "host",
          "props": Object {
            "name": "name",
            "onChange": [Function],
            "placeholder": "Name*",
            "required": true,
            "type": "text",
            "value": "",
          },
          "ref": null,
          "rendered": null,
          "type": "input",
        },
        Object {
          "instance": null,
          "key": undefined,
          "nodeType": "host",
          "props": Object {
            "name": "email",
            "onChange": [Function],
            "placeholder": "Email*",
            "required": true,
            "type": "text",
            "value": "",
          },
          "ref": null,
          "rendered": null,
          "type": "input",
        },
        Object {
          "instance": null,
          "key": undefined,
          "nodeType": "host",
          "props": Object {
            "children": "",
          },
          "ref": null,
          "rendered": "",
          "type": "p",
        },
        Object {
          "instance": null,
          "key": undefined,
          "nodeType": "host",
          "props": Object {
            "name": "password",
            "onChange": [Function],
            "placeholder": "Password*",
            "required": true,
            "type": "password",
            "value": "",
          },
          "ref": null,
          "rendered": null,
          "type": "input",
        },
        Object {
          "instance": null,
          "key": undefined,
          "nodeType": "host",
          "props": Object {
            "name": "verification",
            "onChange": [Function],
            "placeholder": "Retype password*",
            "required": true,
            "type": "password",
            "value": "",
          },
          "ref": null,
          "rendered": null,
          "type": "input",
        },
        Object {
          "instance": null,
          "key": undefined,
          "nodeType": "host",
          "props": Object {
            "children": "",
          },
          "ref": null,
          "rendered": "",
          "type": "p",
        },
        Object {
          "instance": null,
          "key": undefined,
          "nodeType": "host",
          "props": Object {
            "children": "Sign Up",
          },
          "ref": null,
          "rendered": "Sign Up",
          "type": "button",
        },
      ],
      "type": "form",
    },
    "type": "div",
  },
  Symbol(enzyme.__nodes__): Array [
    Object {
      "instance": null,
      "key": undefined,
      "nodeType": "host",
      "props": Object {
        "children": <form
          onSubmit={[Function]}
>
          <input
                    name="name"
                    onChange={[Function]}
                    placeholder="Name*"
                    required={true}
                    type="text"
                    value=""
          />
          <input
                    name="email"
                    onChange={[Function]}
                    placeholder="Email*"
                    required={true}
                    type="text"
                    value=""
          />
          <p />
          <input
                    name="password"
                    onChange={[Function]}
                    placeholder="Password*"
                    required={true}
                    type="password"
                    value=""
          />
          <input
                    name="verification"
                    onChange={[Function]}
                    placeholder="Retype password*"
                    required={true}
                    type="password"
                    value=""
          />
          <p />
          <button>
                    Sign Up
          </button>
</form>,
        "className": "signup",
      },
      "ref": null,
      "rendered": Object {
        "instance": null,
        "key": undefined,
        "nodeType": "host",
        "props": Object {
          "children": Array [
            <input
              name="name"
              onChange={[Function]}
              placeholder="Name*"
              required={true}
              type="text"
              value=""
/>,
            <input
              name="email"
              onChange={[Function]}
              placeholder="Email*"
              required={true}
              type="text"
              value=""
/>,
            <p />,
            <input
              name="password"
              onChange={[Function]}
              placeholder="Password*"
              required={true}
              type="password"
              value=""
/>,
            <input
              name="verification"
              onChange={[Function]}
              placeholder="Retype password*"
              required={true}
              type="password"
              value=""
/>,
            <p />,
            <button>
              Sign Up
</button>,
          ],
          "onSubmit": [Function],
        },
        "ref": null,
        "rendered": Array [
          Object {
            "instance": null,
            "key": undefined,
            "nodeType": "host",
            "props": Object {
              "name": "name",
              "onChange": [Function],
              "placeholder": "Name*",
              "required": true,
              "type": "text",
              "value": "",
            },
            "ref": null,
            "rendered": null,
            "type": "input",
          },
          Object {
            "instance": null,
            "key": undefined,
            "nodeType": "host",
            "props": Object {
              "name": "email",
              "onChange": [Function],
              "placeholder": "Email*",
              "required": true,
              "type": "text",
              "value": "",
            },
            "ref": null,
            "rendered": null,
            "type": "input",
          },
          Object {
            "instance": null,
            "key": undefined,
            "nodeType": "host",
            "props": Object {
              "children": "",
            },
            "ref": null,
            "rendered": "",
            "type": "p",
          },
          Object {
            "instance": null,
            "key": undefined,
            "nodeType": "host",
            "props": Object {
              "name": "password",
              "onChange": [Function],
              "placeholder": "Password*",
              "required": true,
              "type": "password",
              "value": "",
            },
            "ref": null,
            "rendered": null,
            "type": "input",
          },
          Object {
            "instance": null,
            "key": undefined,
            "nodeType": "host",
            "props": Object {
              "name": "verification",
              "onChange": [Function],
              "placeholder": "Retype password*",
              "required": true,
              "type": "password",
              "value": "",
            },
            "ref": null,
            "rendered": null,
            "type": "input",
          },
          Object {
            "instance": null,
            "key": undefined,
            "nodeType": "host",
            "props": Object {
              "children": "",
            },
            "ref": null,
            "rendered": "",
            "type": "p",
          },
          Object {
            "instance": null,
            "key": undefined,
            "nodeType": "host",
            "props": Object {
              "children": "Sign Up",
            },
            "ref": null,
            "rendered": "Sign Up",
            "type": "button",
          },
        ],
        "type": "form",
      },
      "type": "div",
    },
  ],
  Symbol(enzyme.__options__): Object {
    "adapter": ReactSixteenAdapter {
      "options": Object {
        "enableComponentDidUpdateOnSetState": true,
      },
    },
  },
}
`;
